13:53:31 INFO   Loading Assembly file: D:/U24EV057/LAB1/managerworkspace/lab1.zam
13:53:36 INFO   Loading Analysis file: 
13:53:36 INFO   Loading Process file: D:/U24EV057/LAB1/managerworkspace/../Process_Editor_workspace/lab1_process.vproc
13:54:08 ERROR   Failed to obtain feature list: License server machine is down or not responding.
 See the system administrator about starting the license server system, or
 make sure you're referring to the right host (see LM_LICENSE_FILE).
Hostname:      LAMLICENSEVM
License path:  54015@172.23.244.37;
FlexNet Licensing error:-96,7.  System Error: 11001 "WinSock: Host not found (HOST_NOT_FOUND)".
13:54:08 INFO   Loading Material file: D:/U24EV057/material library/SEMulator3DMaterialsDatabase8.vmpd
13:54:22 INFO   Saving assembly file "D:\U24EV057\LAB1\managerworkspace\lab1.zam".
13:54:23 INFO   Saving assembly file "D:\U24EV057\LAB1\managerworkspace\lab1.zam".
13:54:23 INFO   Saving build script: D:\U24EV057\LAB1\managerworkspace\__semu_lab1.py
13:54:24 INFO : License server value is 54015@172.23.244.37.
13:54:24 INFO : Platform is Windows, 64-bit.
13:54:24 INFO : PRODUCT_NAME             SEMulator3D
13:54:24 INFO : VERSION_BUILD_NUMBER     13.1.0.0
13:54:24 INFO : VERSION_BUILD_TIMESTAMP  Wed Dec 17 23:32:16 2025
13:54:24 INFO : 

13:54:34 INFO   Default number of parallel workers = 8
13:54:34 INFO   Adding new input file path: D:\U24EV057\LAB1\managerworkspace\
13:55:09 ERROR   Failed to obtain feature list: Cannot connect to license server system.
 The license server manager (lmgrd) has not been started yet,
 the wrong port@host or license file is being used, or the
 port or hostname in the license file has been changed.
Server name:   172.23.244.37
License path:  54015@172.23.244.37;
FlexNet Licensing error:-15,10032.
13:55:20 INFO : 1:	Running WaferSetup ("Wafer Setup")
13:55:20 INFO   Voxel Wafer resolution is 2 nm.
13:55:30 ERROR   Failed to obtain feature list: License server machine is down or not responding.
 See the system administrator about starting the license server system, or
 make sure you're referring to the right host (see LM_LICENSE_FILE).
Hostname:      LAMLICENSEVM
License path:  54015@172.23.244.37;
FlexNet Licensing error:-96,7.  System Error: 11001 "WinSock: Host not found (HOST_NOT_FOUND)".
13:55:30 INFO   Model bounds for new wafer are 173 by 113 voxels.
13:55:30 WARN   Wafer 'WAFER_1' is being Created with bounds (-76, 50, 270, 276) which are partially outside the modeling bounds specified in the Manager (-75, 50, 270, 275).  Please adjust the bounds in the Manager to include this wafer's bounds, to avoid problems with operations using the modeling bounds.
13:55:30 INFO   Saving assembly file "D:\U24EV057\LAB1\managerworkspace\lab1.zam".
13:55:30 INFO : 2:	Running Deposit ("pad oxide deposition")
13:55:30 INFO   Saving assembly file "D:\U24EV057\LAB1\managerworkspace\lab1.zam".
13:55:30 INFO : 3:	Running Deposit ("pad nitride")
13:55:30 INFO   Saving assembly file "D:\U24EV057\LAB1\managerworkspace\lab1.zam".
13:55:30 INFO : 4:	Sequence ("lithography")
13:55:30 INFO : 4.1:	Running Deposit ("spin rx resist")
13:55:30 INFO   Saving assembly file "D:\U24EV057\LAB1\managerworkspace\lab1.zam".
13:55:30 INFO : 4.2:	Running ExposeMaterial ("Expose rx")
13:55:30 INFO   Saving assembly file "D:\U24EV057\LAB1\managerworkspace\lab1.zam".
13:55:31 INFO   Saving assembly file "D:\U24EV057\LAB1\managerworkspace\lab1.zam".
13:55:31 INFO : 5:	Sequence ("etch fins")
13:55:31 INFO : 5.1:	Running Etch ("pad nitride etch")
13:55:31 INFO   Saving assembly file "D:\U24EV057\LAB1\managerworkspace\lab1.zam".
13:55:31 INFO : 5.2:	Running Etch ("pad oxide etch")
13:55:31 INFO   Saving assembly file "D:\U24EV057\LAB1\managerworkspace\lab1.zam".
13:55:31 INFO : 5.3:	Running Etch ("sillicon etch")
13:55:31 INFO   Saving assembly file "D:\U24EV057\LAB1\managerworkspace\lab1.zam".
13:55:31 INFO   Saving assembly file "D:\U24EV057\LAB1\managerworkspace\lab1.zam".
13:55:31 INFO : 6:	Running RemoveMaterials ("resiste strip")
13:55:31 INFO   Saving assembly file "D:\U24EV057\LAB1\managerworkspace\lab1.zam".
13:55:31 INFO : 7:	Running Deposit ("sti fill deposition")
13:55:33 INFO   Saving assembly file "D:\U24EV057\LAB1\managerworkspace\lab1.zam".
13:55:33 INFO : 8:	Running Polish ("sti oxide cmp")
13:55:33 INFO   Saving assembly file "D:\U24EV057\LAB1\managerworkspace\lab1.zam".
13:55:33 INFO   Saving assembly file "D:\U24EV057\LAB1\managerworkspace\lab1.zam".
13:55:33 INFO : Build process completed.
13:55:33 INFO : Elapsed Time 68 seconds.
Build log file moved to : D:/U24EV057/LAB1/managerworkspace/lab1-Output/lab1.log
