17:22:07 INFO   Loading Assembly file: D:/U24EV057/lab3/manager_workspace/lab3_locus.zam
17:22:11 INFO   Loading Analysis file: 
17:22:11 INFO   Loading Process file: D:/U24EV057/lab3/manager_workspace/../process_workspace/lab3_locus.vproc
17:22:38 ERROR   Failed to obtain feature list: Timeout.
License path:  54015@172.23.244.37;
FlexNet Licensing error:-139,10013.
17:22:41 ERROR   Failed to obtain feature list: Cannot connect to license server system.
 The license server manager (lmgrd) has not been started yet,
 the wrong port@host or license file is being used, or the
 port or hostname in the license file has been changed.
Server name:   172.23.244.37
License path:  54015@172.23.244.37;
FlexNet Licensing error:-15,10032.
17:22:46 INFO   Loading Material file: D:/U24EV057/material library/SEMulator3DMaterialsDatabase8.vmpd
17:22:52 INFO   Saving assembly file "D:\U24EV057\lab3\manager_workspace\lab3_locus.zam".
17:22:54 INFO   Saving assembly file "D:\U24EV057\lab3\manager_workspace\lab3_locus.zam".
17:22:54 INFO   Saving build script: D:\U24EV057\lab3\manager_workspace\__semu_lab3_locus.py
17:22:58 INFO : License server value is 54015@172.23.244.37.
17:22:58 INFO : Platform is Windows, 64-bit.
17:22:58 INFO : PRODUCT_NAME             SEMulator3D
17:22:58 INFO : VERSION_BUILD_NUMBER     13.1.0.0
17:22:58 INFO : VERSION_BUILD_TIMESTAMP  Wed Dec 17 23:32:16 2025
17:22:58 INFO : 

17:23:08 INFO   Default number of parallel workers = 8
17:23:08 INFO   Adding new input file path: D:\U24EV057\lab3\manager_workspace\
17:23:44 ERROR   Failed to obtain feature list: Cannot connect to license server system.
 The license server manager (lmgrd) has not been started yet,
 the wrong port@host or license file is being used, or the
 port or hostname in the license file has been changed.
Server name:   172.23.244.37
License path:  54015@172.23.244.37;
FlexNet Licensing error:-15,10032.
17:23:48 ERROR   Failed to obtain feature list: Cannot connect to license server system.
 The license server manager (lmgrd) has not been started yet,
 the wrong port@host or license file is being used, or the
 port or hostname in the license file has been changed.
Server name:   172.23.244.37
License path:  54015@172.23.244.37;
FlexNet Licensing error:-15,10032.
17:23:48 INFO : 1:	Running WaferSetup ("Wafer Setup")
17:23:48 INFO   Voxel Wafer resolution is 2 nm.
17:23:59 INFO   Model bounds for new wafer are 950 by 100 voxels.
17:23:59 INFO   Saving assembly file "D:\U24EV057\lab3\manager_workspace\lab3_locus.zam".
17:23:59 INFO : 2:	Running Deposit ("pad oxide deposition")
17:23:59 INFO   Saving assembly file "D:\U24EV057\lab3\manager_workspace\lab3_locus.zam".
17:23:59 INFO : 3:	Running Deposit ("sin hard mask deposition")
17:24:00 INFO   Saving assembly file "D:\U24EV057\lab3\manager_workspace\lab3_locus.zam".
17:24:00 INFO : 4:	Sequence ("lithography")
17:24:00 INFO : 4.1:	Running Deposit ("Deposit")
17:24:00 INFO   Saving assembly file "D:\U24EV057\lab3\manager_workspace\lab3_locus.zam".
17:24:00 INFO : 4.2:	Running ExposeMaterial ("uv exposure")
17:24:00 INFO   Saving assembly file "D:\U24EV057\lab3\manager_workspace\lab3_locus.zam".
17:24:00 INFO   Saving assembly file "D:\U24EV057\lab3\manager_workspace\lab3_locus.zam".
17:24:00 INFO : 5:	Sequence ("etch")
17:24:00 INFO : 5.1:	Running Etch ("SIN hardmsk etch")
17:24:01 INFO   Saving assembly file "D:\U24EV057\lab3\manager_workspace\lab3_locus.zam".
17:24:01 INFO : 5.2:	Running Etch ("pad oxide etch")
17:24:01 INFO   Saving assembly file "D:\U24EV057\lab3\manager_workspace\lab3_locus.zam".
17:24:01 INFO : 5.3:	Running RemoveMaterials ("resist removal")
17:24:01 INFO   Saving assembly file "D:\U24EV057\lab3\manager_workspace\lab3_locus.zam".
17:24:01 INFO   Saving assembly file "D:\U24EV057\lab3\manager_workspace\lab3_locus.zam".
17:24:01 INFO : 6:	Running InterfaceGrowth ("thermal oxidation")
17:24:03 INFO   Saving assembly file "D:\U24EV057\lab3\manager_workspace\lab3_locus.zam".
17:24:03 INFO : 7:	Running Etch ("sin hardmask strip")
17:24:03 INFO   Saving assembly file "D:\U24EV057\lab3\manager_workspace\lab3_locus.zam".
17:24:03 INFO : 8:	Running MultiEtch ("Multi Etch")
17:24:08 INFO   Invoking MultiEtch with etch depth 18 nm on top side.
17:24:08 INFO   Material-specific parameters (ignoring absent materials):
17:24:08 INFO   	"/Oxides/SiO2_Thermal": type=Basic, Etch Ratio=1, Lateral Ratio=0.1
17:24:08 INFO   Etching has no tilt or twist, and no rotation.
17:24:08 INFO   MultiEtch: initializing ...
17:24:08 INFO   MultiEtch 0.0% complete.
17:24:09 INFO   MultiEtch 18.2% complete.
17:24:09 INFO   MultiEtch 36.4% complete.
17:24:10 INFO   MultiEtch 54.5% complete.
17:24:10 INFO   MultiEtch 72.7% complete.
17:24:10 INFO   MultiEtch 90.9% complete.
17:24:11 INFO   Saving assembly file "D:\U24EV057\lab3\manager_workspace\lab3_locus.zam".
17:24:11 INFO   Saving assembly file "D:\U24EV057\lab3\manager_workspace\lab3_locus.zam".
17:24:11 INFO : Build process completed.
17:24:11 INFO : Elapsed Time 72 seconds.
Build log file moved to : D:/U24EV057/lab3/manager_workspace/lab3_locus-Output/lab3_locus.log
